// Jest Snapshot v1, https://goo.gl/fbAQLP

exports[`PersistMongoose Can deploy a workflow definition 1`] = `1`;

exports[`PersistMongoose Creates a process instance by xml 1`] = `1`;

exports[`PersistMongoose Creates a process instance by xml 2`] = `3`;

exports[`PersistMongoose Creates a process instance by xml 3`] = `
Array [
  Object {
    "elementId": "StartEvent_1",
    "lanes": undefined,
    "participant": undefined,
    "state": "ready",
  },
  Object {
    "elementId": "StartEvent_1",
    "lanes": undefined,
    "participant": undefined,
    "state": "active",
  },
  Object {
    "elementId": "StartEvent_1",
    "lanes": undefined,
    "participant": undefined,
    "state": "complete",
  },
  Object {
    "elementId": "Task_0rnu0cc",
    "lanes": undefined,
    "participant": undefined,
    "state": "ready",
  },
  Object {
    "elementId": "Task_0rnu0cc",
    "lanes": undefined,
    "participant": undefined,
    "state": "active",
  },
  Object {
    "elementId": "Task_0rnu0cc",
    "lanes": undefined,
    "participant": undefined,
    "state": "complete",
  },
  Object {
    "elementId": "ExclusiveGateway_03c6fwo",
    "lanes": undefined,
    "participant": undefined,
    "state": "ready",
  },
  Object {
    "elementId": "ExclusiveGateway_03c6fwo",
    "lanes": undefined,
    "participant": undefined,
    "state": "active",
  },
  Object {
    "elementId": "ExclusiveGateway_03c6fwo",
    "lanes": undefined,
    "participant": undefined,
    "state": "complete",
  },
  Object {
    "elementId": "Task_0z13d9i",
    "lanes": undefined,
    "participant": undefined,
    "state": "ready",
  },
  Object {
    "elementId": "Task_0z13d9i",
    "lanes": undefined,
    "participant": undefined,
    "state": "active",
  },
  Object {
    "elementId": "Task_0z13d9i",
    "lanes": undefined,
    "participant": undefined,
    "state": "complete",
  },
  Object {
    "elementId": "ExclusiveGateway_0jwxcj8",
    "lanes": undefined,
    "participant": undefined,
    "state": "ready",
  },
  Object {
    "elementId": "Task_1ro3bn5",
    "lanes": undefined,
    "participant": undefined,
    "state": "ready",
  },
  Object {
    "elementId": "Task_1ro3bn5",
    "lanes": undefined,
    "participant": undefined,
    "state": "active",
  },
  Object {
    "elementId": "Task_1ro3bn5",
    "lanes": undefined,
    "participant": undefined,
    "state": "complete",
  },
  Object {
    "elementId": "ExclusiveGateway_0jwxcj8",
    "lanes": undefined,
    "participant": undefined,
    "state": "ready",
  },
  Object {
    "elementId": "ExclusiveGateway_0jwxcj8",
    "lanes": undefined,
    "participant": undefined,
    "state": "active",
  },
  Object {
    "elementId": "ExclusiveGateway_0jwxcj8",
    "lanes": undefined,
    "participant": undefined,
    "state": "complete",
  },
  Object {
    "elementId": "Task_0ihlvap",
    "lanes": undefined,
    "participant": undefined,
    "state": "ready",
  },
  Object {
    "elementId": "Task_0ihlvap",
    "lanes": undefined,
    "participant": undefined,
    "state": "active",
  },
  Object {
    "elementId": "Task_0ihlvap",
    "lanes": undefined,
    "participant": undefined,
    "state": "complete",
  },
  Object {
    "elementId": "EndEvent_15k76o1",
    "lanes": undefined,
    "participant": undefined,
    "state": "ready",
  },
  Object {
    "elementId": "EndEvent_15k76o1",
    "lanes": undefined,
    "participant": undefined,
    "state": "active",
  },
  Object {
    "elementId": "EndEvent_15k76o1",
    "lanes": undefined,
    "participant": undefined,
    "state": "complete",
  },
]
`;
