// Jest Snapshot v1, https://goo.gl/fbAQLP

exports[`Engine Can not instantiate a new processInstance without a "valid" workflowDefinition 1`] = `
[Error: unparsable content detected
	line: 0
	column: 0
	nested error: missing start tag]
`;

exports[`Engine Can not instantiate a new processInstance without a workflowDefinition 1`] = `[Error: Parameter "workflowDefinition" is required]`;
